<html>
<body>
<pre>
<h1>µVision Build Log</h1>
<h2>Tool Versions:</h2>
IDE-Version: ¦ÌVision V5.15
Copyright (C) 2015 ARM Ltd and ARM Germany GmbH. All rights reserved.
License Information: d my asus, d, LIC=X9630-BL5B1-T3EMI-T5W9E-GP91D-5WZKA
 
Tool Versions:
Toolchain:       MDK-ARM Standard  Version: 5.15.0
Toolchain Path:  C:\Keil_v5\ARM\ARMCC\Bin
C Compiler:      Armcc.exe V5.05 update 2 (build 169)
Assembler:       Armasm.exe V5.05 update 2 (build 169)
Linker/Locator:  ArmLink.exe V5.05 update 2 (build 169)
Library Manager: ArmAr.exe V5.05 update 2 (build 169)
Hex Converter:   FromElf.exe V5.05 update 2 (build 169)
CPU DLL:         SARMCM3.DLL V5.15.0
Dialog DLL:      DLM.DLL V1.24.0.0
Target DLL:      CMSIS_AGDI.dll V1.21.12.0
Dialog DLL:      TLM.DLL V1.22.0.2
 
<h2>Project:</h2>
C:\Users\my asus\Desktop\Git_project\Thermostat\MDK_ARMv5\Project_12345.uvprojx
Project File Date:  01/25/2018

<h2>Output:</h2>
*** Using Compiler 'V5.05 update 2 (build 169)', folder: 'C:\Keil_v5\ARM\ARMCC\Bin'
Build target 'HT32'
compiling main.c...
compiling ht32f1xxxx_01_it.c...
compiling UI_DEMO.c...
compiling DEMO.c...
compiling ESP8266.c...
compiling ht32_usbd_class.c...
compiling iap_buffer.c...
compiling iap_handler.c...
compiling iap_xmodem.c...
compiling lcd_display.c...
compiling touch_screen.c...
compiling touch_screen_adc.c...
compiling spi_flash_MX66L51235F.c...
compiling lcm_ssd1963_480x272_5Inch.c...
linking...
Program Size: Code=11932 RO-data=7620 RW-data=160 ZI-data=13768  
FromELF: creating hex file...
".\HT32\12345\obj\HT32.axf" - 0 Error(s), 0 Warning(s).

<h2>Collection of Component include folders:</h2>
  C:\Users\my asus\Desktop\Git_project\Thermostat\MDK_ARMv5\RTE
  C:\Keil_v5\ARM\PACK\Holtek\HT32_DFP\1.0.10\ARM\INC\Holtek\HT32F1xxxx

<h2>Collection of Component Files used:</h2>
</pre>
</body>
</html>
